[2026-06-01T01:22:53.992+0000] {local_task_job_runner.py:120} INFO - ::group::Pre task execution logs
[2026-06-01T01:22:54.023+0000] {taskinstance.py:2076} INFO - Dependencies all met for dep_context=non-requeueable deps ti=<TaskInstance: stroke_pipeline.preprocess_data manual__2026-06-01T01:17:47.842244+00:00 [queued]>
[2026-06-01T01:22:54.031+0000] {taskinstance.py:2076} INFO - Dependencies all met for dep_context=requeueable deps ti=<TaskInstance: stroke_pipeline.preprocess_data manual__2026-06-01T01:17:47.842244+00:00 [queued]>
[2026-06-01T01:22:54.031+0000] {taskinstance.py:2306} INFO - Starting attempt 2 of 2
[2026-06-01T01:22:54.045+0000] {taskinstance.py:2330} INFO - Executing <Task(PythonOperator): preprocess_data> on 2026-06-01 01:17:47.842244+00:00
[2026-06-01T01:22:54.049+0000] {standard_task_runner.py:63} INFO - Started process 296 to run task
[2026-06-01T01:22:54.053+0000] {standard_task_runner.py:90} INFO - Running: ['***', 'tasks', 'run', 'stroke_pipeline', 'preprocess_data', 'manual__2026-06-01T01:17:47.842244+00:00', '--job-id', '7', '--raw', '--subdir', 'DAGS_FOLDER/stroke_pipeline_dag.py', '--cfg-path', '/tmp/tmpc4mqdmzn']
[2026-06-01T01:22:54.055+0000] {standard_task_runner.py:91} INFO - Job 7: Subtask preprocess_data
[2026-06-01T01:22:54.119+0000] {task_command.py:426} INFO - Running <TaskInstance: stroke_pipeline.preprocess_data manual__2026-06-01T01:17:47.842244+00:00 [running]> on host eefcd774d4a0
[2026-06-01T01:22:54.394+0000] {taskinstance.py:2648} INFO - Exporting env vars: AIRFLOW_CTX_DAG_OWNER='mlops_student' AIRFLOW_CTX_DAG_ID='stroke_pipeline' AIRFLOW_CTX_TASK_ID='preprocess_data' AIRFLOW_CTX_EXECUTION_DATE='2026-06-01T01:17:47.842244+00:00' AIRFLOW_CTX_TRY_NUMBER='2' AIRFLOW_CTX_DAG_RUN_ID='manual__2026-06-01T01:17:47.842244+00:00'
[2026-06-01T01:22:54.395+0000] {taskinstance.py:430} INFO - ::endgroup::
[2026-06-01T01:22:55.969+0000] {taskinstance.py:441} INFO - ::group::Post task execution logs
[2026-06-01T01:22:55.970+0000] {taskinstance.py:2905} ERROR - Task failed with exception
Traceback (most recent call last):
  File "/home/airflow/.local/lib/python3.11/site-packages/airflow/models/taskinstance.py", line 465, in _execute_task
    result = _execute_callable(context=context, **execute_callable_kwargs)
             ^^^^^^^^^^^^^^^^^^^^^^^^^^^^^^^^^^^^^^^^^^^^^^^^^^^^^^^^^^^^^
  File "/home/airflow/.local/lib/python3.11/site-packages/airflow/models/taskinstance.py", line 432, in _execute_callable
    return execute_callable(context=context, **execute_callable_kwargs)
           ^^^^^^^^^^^^^^^^^^^^^^^^^^^^^^^^^^^^^^^^^^^^^^^^^^^^^^^^^^^^
  File "/home/airflow/.local/lib/python3.11/site-packages/airflow/models/baseoperator.py", line 400, in wrapper
    return func(self, *args, **kwargs)
           ^^^^^^^^^^^^^^^^^^^^^^^^^^^
  File "/home/airflow/.local/lib/python3.11/site-packages/airflow/operators/python.py", line 235, in execute
    return_value = self.execute_callable()
                   ^^^^^^^^^^^^^^^^^^^^^^^
  File "/home/airflow/.local/lib/python3.11/site-packages/airflow/operators/python.py", line 252, in execute_callable
    return self.python_callable(*self.op_args, **self.op_kwargs)
           ^^^^^^^^^^^^^^^^^^^^^^^^^^^^^^^^^^^^^^^^^^^^^^^^^^^^^
  File "/opt/airflow/dags/stroke_pipeline_dag.py", line 159, in preprocess_data
    joblib.dump(X_tr,          f"{ARTIFACTS_DIR}/X_train.pkl")
  File "/home/airflow/.local/lib/python3.11/site-packages/joblib/numpy_pickle.py", line 552, in dump
    with open(filename, 'wb') as f:
         ^^^^^^^^^^^^^^^^^^^^
PermissionError: [Errno 13] Permission denied: '/tmp/stroke_mlops/X_train.pkl'
[2026-06-01T01:22:55.986+0000] {taskinstance.py:1206} INFO - Marking task as FAILED. dag_id=stroke_pipeline, task_id=preprocess_data, run_id=manual__2026-06-01T01:17:47.842244+00:00, execution_date=20260601T011747, start_date=20260601T012254, end_date=20260601T012255
[2026-06-01T01:22:56.006+0000] {standard_task_runner.py:110} ERROR - Failed to execute job 7 for task preprocess_data ([Errno 13] Permission denied: '/tmp/stroke_mlops/X_train.pkl'; 296)
[2026-06-01T01:22:56.041+0000] {local_task_job_runner.py:240} INFO - Task exited with return code 1
[2026-06-01T01:22:56.065+0000] {taskinstance.py:3498} INFO - 0 downstream tasks scheduled from follow-on schedule check
[2026-06-01T01:22:56.072+0000] {local_task_job_runner.py:222} INFO - ::endgroup::
