[2026-06-01T00:49:36.371+0000] {manager.py:470} INFO - Processing files using up to 2 processes at a time 
[2026-06-01T00:49:36.374+0000] {manager.py:471} INFO - Process each file at most once every 30 seconds
[2026-06-01T00:49:36.376+0000] {manager.py:472} INFO - Checking for new files in /opt/airflow/dags every 300 seconds
[2026-06-01T00:49:36.377+0000] {manager.py:737} INFO - Searching for files in /opt/airflow/dags
[2026-06-01T00:49:36.399+0000] {manager.py:740} INFO - There are 1 files in /opt/airflow/dags
[2026-06-01T00:49:36.525+0000] {manager.py:878} INFO - 
================================================================================
DAG File Processing Stats

File Path                                   PID  Runtime      # DAGs    # Errors  Last Runtime    Last Run
----------------------------------------  -----  ---------  --------  ----------  --------------  ----------
/opt/airflow/dags/stroke_pipeline_dag.py    201  0.05s             0           0
================================================================================
[2026-06-01T00:50:06.693+0000] {manager.py:878} INFO - 
================================================================================
DAG File Processing Stats

File Path                                 PID    Runtime      # DAGs    # Errors  Last Runtime    Last Run
----------------------------------------  -----  ---------  --------  ----------  --------------  -------------------
/opt/airflow/dags/stroke_pipeline_dag.py                           1           0  0.62s           2026-06-01T00:49:37
================================================================================
[2026-06-01T00:50:36.761+0000] {manager.py:878} INFO - 
================================================================================
DAG File Processing Stats

File Path                                 PID    Runtime      # DAGs    # Errors  Last Runtime    Last Run
----------------------------------------  -----  ---------  --------  ----------  --------------  -------------------
/opt/airflow/dags/stroke_pipeline_dag.py                           1           0  0.30s           2026-06-01T00:50:07
================================================================================
[2026-06-01T00:51:07.089+0000] {manager.py:878} INFO - 
================================================================================
DAG File Processing Stats

File Path                                 PID    Runtime      # DAGs    # Errors  Last Runtime    Last Run
----------------------------------------  -----  ---------  --------  ----------  --------------  -------------------
/opt/airflow/dags/stroke_pipeline_dag.py                           1           0  0.14s           2026-06-01T00:50:38
================================================================================
[2026-06-01T00:51:37.392+0000] {manager.py:878} INFO - 
================================================================================
DAG File Processing Stats

File Path                                 PID    Runtime      # DAGs    # Errors  Last Runtime    Last Run
----------------------------------------  -----  ---------  --------  ----------  --------------  -------------------
/opt/airflow/dags/stroke_pipeline_dag.py                           1           0  0.13s           2026-06-01T00:51:08
================================================================================
[2026-06-01T00:52:07.610+0000] {manager.py:878} INFO - 
================================================================================
DAG File Processing Stats

File Path                                 PID    Runtime      # DAGs    # Errors  Last Runtime    Last Run
----------------------------------------  -----  ---------  --------  ----------  --------------  -------------------
/opt/airflow/dags/stroke_pipeline_dag.py                           1           0  0.12s           2026-06-01T00:51:38
================================================================================
[2026-06-01T00:52:37.896+0000] {manager.py:878} INFO - 
================================================================================
DAG File Processing Stats

File Path                                 PID    Runtime      # DAGs    # Errors  Last Runtime    Last Run
----------------------------------------  -----  ---------  --------  ----------  --------------  -------------------
/opt/airflow/dags/stroke_pipeline_dag.py                           1           0  0.13s           2026-06-01T00:52:08
================================================================================
[2026-06-01T00:53:08.109+0000] {manager.py:878} INFO - 
================================================================================
DAG File Processing Stats

File Path                                 PID    Runtime      # DAGs    # Errors  Last Runtime    Last Run
----------------------------------------  -----  ---------  --------  ----------  --------------  -------------------
/opt/airflow/dags/stroke_pipeline_dag.py                           1           0  0.12s           2026-06-01T00:52:39
================================================================================
[2026-06-01T00:53:38.434+0000] {manager.py:878} INFO - 
================================================================================
DAG File Processing Stats

File Path                                 PID    Runtime      # DAGs    # Errors  Last Runtime    Last Run
----------------------------------------  -----  ---------  --------  ----------  --------------  -------------------
/opt/airflow/dags/stroke_pipeline_dag.py                           1           0  0.12s           2026-06-01T00:53:09
================================================================================
[2026-06-01T00:54:08.639+0000] {manager.py:878} INFO - 
================================================================================
DAG File Processing Stats

File Path                                 PID    Runtime      # DAGs    # Errors  Last Runtime    Last Run
----------------------------------------  -----  ---------  --------  ----------  --------------  -------------------
/opt/airflow/dags/stroke_pipeline_dag.py                           1           0  0.13s           2026-06-01T00:53:39
================================================================================
[2026-06-01T00:54:36.929+0000] {manager.py:737} INFO - Searching for files in /opt/airflow/dags
[2026-06-01T00:54:36.957+0000] {manager.py:740} INFO - There are 1 files in /opt/airflow/dags
[2026-06-01T00:54:38.985+0000] {manager.py:878} INFO - 
================================================================================
DAG File Processing Stats

File Path                                 PID    Runtime      # DAGs    # Errors  Last Runtime    Last Run
----------------------------------------  -----  ---------  --------  ----------  --------------  -------------------
/opt/airflow/dags/stroke_pipeline_dag.py                           1           0  0.13s           2026-06-01T00:54:09
================================================================================
[2026-06-01T00:55:09.207+0000] {manager.py:878} INFO - 
================================================================================
DAG File Processing Stats

File Path                                 PID    Runtime      # DAGs    # Errors  Last Runtime    Last Run
----------------------------------------  -----  ---------  --------  ----------  --------------  -------------------
/opt/airflow/dags/stroke_pipeline_dag.py                           1           0  0.13s           2026-06-01T00:54:40
================================================================================
[2026-06-01T00:55:39.502+0000] {manager.py:878} INFO - 
================================================================================
DAG File Processing Stats

File Path                                 PID    Runtime      # DAGs    # Errors  Last Runtime    Last Run
----------------------------------------  -----  ---------  --------  ----------  --------------  -------------------
/opt/airflow/dags/stroke_pipeline_dag.py                           1           0  0.14s           2026-06-01T00:55:10
================================================================================
[2026-06-01T00:56:09.700+0000] {manager.py:878} INFO - 
================================================================================
DAG File Processing Stats

File Path                                 PID    Runtime      # DAGs    # Errors  Last Runtime    Last Run
----------------------------------------  -----  ---------  --------  ----------  --------------  -------------------
/opt/airflow/dags/stroke_pipeline_dag.py                           1           0  0.12s           2026-06-01T00:55:40
================================================================================
[2026-06-01T00:56:40.310+0000] {manager.py:878} INFO - 
================================================================================
DAG File Processing Stats

File Path                                 PID    Runtime      # DAGs    # Errors  Last Runtime    Last Run
----------------------------------------  -----  ---------  --------  ----------  --------------  -------------------
/opt/airflow/dags/stroke_pipeline_dag.py                           1           0  0.22s           2026-06-01T00:56:10
================================================================================
[2026-06-01T00:57:10.652+0000] {manager.py:878} INFO - 
================================================================================
DAG File Processing Stats

File Path                                 PID    Runtime      # DAGs    # Errors  Last Runtime    Last Run
----------------------------------------  -----  ---------  --------  ----------  --------------  -------------------
/opt/airflow/dags/stroke_pipeline_dag.py                           1           0  0.56s           2026-06-01T00:56:41
================================================================================
[2026-06-01T00:57:41.367+0000] {manager.py:878} INFO - 
================================================================================
DAG File Processing Stats

File Path                                 PID    Runtime      # DAGs    # Errors  Last Runtime    Last Run
----------------------------------------  -----  ---------  --------  ----------  --------------  -------------------
/opt/airflow/dags/stroke_pipeline_dag.py                           1           0  0.18s           2026-06-01T00:57:12
================================================================================
[2026-06-01T00:58:11.697+0000] {manager.py:878} INFO - 
================================================================================
DAG File Processing Stats

File Path                                 PID    Runtime      # DAGs    # Errors  Last Runtime    Last Run
----------------------------------------  -----  ---------  --------  ----------  --------------  -------------------
/opt/airflow/dags/stroke_pipeline_dag.py                           1           0  0.16s           2026-06-01T00:57:42
================================================================================
[2026-06-01T00:58:41.925+0000] {manager.py:878} INFO - 
================================================================================
DAG File Processing Stats

File Path                                 PID    Runtime      # DAGs    # Errors  Last Runtime    Last Run
----------------------------------------  -----  ---------  --------  ----------  --------------  -------------------
/opt/airflow/dags/stroke_pipeline_dag.py                           1           0  0.13s           2026-06-01T00:58:12
================================================================================
[2026-06-01T00:59:12.264+0000] {manager.py:878} INFO - 
================================================================================
DAG File Processing Stats

File Path                                 PID    Runtime      # DAGs    # Errors  Last Runtime    Last Run
----------------------------------------  -----  ---------  --------  ----------  --------------  -------------------
/opt/airflow/dags/stroke_pipeline_dag.py                           1           0  0.14s           2026-06-01T00:58:43
================================================================================
[2026-06-01T00:59:37.448+0000] {manager.py:737} INFO - Searching for files in /opt/airflow/dags
[2026-06-01T00:59:37.484+0000] {manager.py:740} INFO - There are 1 files in /opt/airflow/dags
[2026-06-01T00:59:42.537+0000] {manager.py:878} INFO - 
================================================================================
DAG File Processing Stats

File Path                                 PID    Runtime      # DAGs    # Errors  Last Runtime    Last Run
----------------------------------------  -----  ---------  --------  ----------  --------------  -------------------
/opt/airflow/dags/stroke_pipeline_dag.py                           1           0  0.16s           2026-06-01T00:59:13
================================================================================
[2026-06-01T01:00:12.809+0000] {manager.py:878} INFO - 
================================================================================
DAG File Processing Stats

File Path                                 PID    Runtime      # DAGs    # Errors  Last Runtime    Last Run
----------------------------------------  -----  ---------  --------  ----------  --------------  -------------------
/opt/airflow/dags/stroke_pipeline_dag.py                           1           0  0.12s           2026-06-01T00:59:43
================================================================================
[2026-06-01T01:00:43.104+0000] {manager.py:878} INFO - 
================================================================================
DAG File Processing Stats

File Path                                 PID    Runtime      # DAGs    # Errors  Last Runtime    Last Run
----------------------------------------  -----  ---------  --------  ----------  --------------  -------------------
/opt/airflow/dags/stroke_pipeline_dag.py                           1           0  0.14s           2026-06-01T01:00:13
================================================================================
[2026-06-01T01:01:13.304+0000] {manager.py:878} INFO - 
================================================================================
DAG File Processing Stats

File Path                                 PID    Runtime      # DAGs    # Errors  Last Runtime    Last Run
----------------------------------------  -----  ---------  --------  ----------  --------------  -------------------
/opt/airflow/dags/stroke_pipeline_dag.py                           1           0  0.15s           2026-06-01T01:00:44
================================================================================
[2026-06-01T01:01:43.616+0000] {manager.py:878} INFO - 
================================================================================
DAG File Processing Stats

File Path                                 PID    Runtime      # DAGs    # Errors  Last Runtime    Last Run
----------------------------------------  -----  ---------  --------  ----------  --------------  -------------------
/opt/airflow/dags/stroke_pipeline_dag.py                           1           0  0.13s           2026-06-01T01:01:14
================================================================================
[2026-06-01T01:02:13.831+0000] {manager.py:878} INFO - 
================================================================================
DAG File Processing Stats

File Path                                 PID    Runtime      # DAGs    # Errors  Last Runtime    Last Run
----------------------------------------  -----  ---------  --------  ----------  --------------  -------------------
/opt/airflow/dags/stroke_pipeline_dag.py                           1           0  0.16s           2026-06-01T01:01:44
================================================================================
[2026-06-01T01:02:44.136+0000] {manager.py:878} INFO - 
================================================================================
DAG File Processing Stats

File Path                                 PID    Runtime      # DAGs    # Errors  Last Runtime    Last Run
----------------------------------------  -----  ---------  --------  ----------  --------------  -------------------
/opt/airflow/dags/stroke_pipeline_dag.py                           1           0  0.13s           2026-06-01T01:02:14
================================================================================
[2026-06-01T01:03:14.342+0000] {manager.py:878} INFO - 
================================================================================
DAG File Processing Stats

File Path                                 PID    Runtime      # DAGs    # Errors  Last Runtime    Last Run
----------------------------------------  -----  ---------  --------  ----------  --------------  -------------------
/opt/airflow/dags/stroke_pipeline_dag.py                           1           0  0.14s           2026-06-01T01:02:45
================================================================================
[2026-06-01T01:03:44.664+0000] {manager.py:878} INFO - 
================================================================================
DAG File Processing Stats

File Path                                 PID    Runtime      # DAGs    # Errors  Last Runtime    Last Run
----------------------------------------  -----  ---------  --------  ----------  --------------  -------------------
/opt/airflow/dags/stroke_pipeline_dag.py                           1           0  0.16s           2026-06-01T01:03:15
================================================================================
[2026-06-01T01:04:14.872+0000] {manager.py:878} INFO - 
================================================================================
DAG File Processing Stats

File Path                                 PID    Runtime      # DAGs    # Errors  Last Runtime    Last Run
----------------------------------------  -----  ---------  --------  ----------  --------------  -------------------
/opt/airflow/dags/stroke_pipeline_dag.py                           1           0  0.13s           2026-06-01T01:03:45
================================================================================
[2026-06-01T01:04:38.021+0000] {manager.py:737} INFO - Searching for files in /opt/airflow/dags
[2026-06-01T01:04:38.051+0000] {manager.py:740} INFO - There are 1 files in /opt/airflow/dags
[2026-06-01T01:04:45.109+0000] {manager.py:878} INFO - 
================================================================================
DAG File Processing Stats

File Path                                 PID    Runtime      # DAGs    # Errors  Last Runtime    Last Run
----------------------------------------  -----  ---------  --------  ----------  --------------  -------------------
/opt/airflow/dags/stroke_pipeline_dag.py                           1           0  0.13s           2026-06-01T01:04:16
================================================================================
[2026-06-01T01:05:15.366+0000] {manager.py:878} INFO - 
================================================================================
DAG File Processing Stats

File Path                                 PID    Runtime      # DAGs    # Errors  Last Runtime    Last Run
----------------------------------------  -----  ---------  --------  ----------  --------------  -------------------
/opt/airflow/dags/stroke_pipeline_dag.py                           1           0  0.13s           2026-06-01T01:04:46
================================================================================
[2026-06-01T01:05:45.608+0000] {manager.py:878} INFO - 
================================================================================
DAG File Processing Stats

File Path                                 PID    Runtime      # DAGs    # Errors  Last Runtime    Last Run
----------------------------------------  -----  ---------  --------  ----------  --------------  -------------------
/opt/airflow/dags/stroke_pipeline_dag.py                           1           0  0.17s           2026-06-01T01:05:16
================================================================================
[2026-06-01T01:06:15.895+0000] {manager.py:878} INFO - 
================================================================================
DAG File Processing Stats

File Path                                 PID    Runtime      # DAGs    # Errors  Last Runtime    Last Run
----------------------------------------  -----  ---------  --------  ----------  --------------  -------------------
/opt/airflow/dags/stroke_pipeline_dag.py                           1           0  0.14s           2026-06-01T01:05:46
================================================================================
[2026-06-01T01:06:46.108+0000] {manager.py:878} INFO - 
================================================================================
DAG File Processing Stats

File Path                                 PID    Runtime      # DAGs    # Errors  Last Runtime    Last Run
----------------------------------------  -----  ---------  --------  ----------  --------------  -------------------
/opt/airflow/dags/stroke_pipeline_dag.py                           1           0  0.15s           2026-06-01T01:06:17
================================================================================
[2026-06-01T01:07:16.426+0000] {manager.py:878} INFO - 
================================================================================
DAG File Processing Stats

File Path                                 PID    Runtime      # DAGs    # Errors  Last Runtime    Last Run
----------------------------------------  -----  ---------  --------  ----------  --------------  -------------------
/opt/airflow/dags/stroke_pipeline_dag.py                           1           0  0.13s           2026-06-01T01:06:47
================================================================================
[2026-06-01T01:07:46.680+0000] {manager.py:878} INFO - 
================================================================================
DAG File Processing Stats

File Path                                 PID    Runtime      # DAGs    # Errors  Last Runtime    Last Run
----------------------------------------  -----  ---------  --------  ----------  --------------  -------------------
/opt/airflow/dags/stroke_pipeline_dag.py                           1           0  0.14s           2026-06-01T01:07:17
================================================================================
[2026-06-01T01:08:16.933+0000] {manager.py:878} INFO - 
================================================================================
DAG File Processing Stats

File Path                                 PID    Runtime      # DAGs    # Errors  Last Runtime    Last Run
----------------------------------------  -----  ---------  --------  ----------  --------------  -------------------
/opt/airflow/dags/stroke_pipeline_dag.py                           1           0  0.13s           2026-06-01T01:07:47
================================================================================
[2026-06-01T01:08:47.190+0000] {manager.py:878} INFO - 
================================================================================
DAG File Processing Stats

File Path                                 PID    Runtime      # DAGs    # Errors  Last Runtime    Last Run
----------------------------------------  -----  ---------  --------  ----------  --------------  -------------------
/opt/airflow/dags/stroke_pipeline_dag.py                           1           0  0.13s           2026-06-01T01:08:18
================================================================================
[2026-06-01T01:09:17.441+0000] {manager.py:878} INFO - 
================================================================================
DAG File Processing Stats

File Path                                 PID    Runtime      # DAGs    # Errors  Last Runtime    Last Run
----------------------------------------  -----  ---------  --------  ----------  --------------  -------------------
/opt/airflow/dags/stroke_pipeline_dag.py                           1           0  0.13s           2026-06-01T01:08:48
================================================================================
[2026-06-01T01:09:38.626+0000] {manager.py:737} INFO - Searching for files in /opt/airflow/dags
[2026-06-01T01:09:38.686+0000] {manager.py:740} INFO - There are 1 files in /opt/airflow/dags
[2026-06-01T01:09:47.764+0000] {manager.py:878} INFO - 
================================================================================
DAG File Processing Stats

File Path                                 PID    Runtime      # DAGs    # Errors  Last Runtime    Last Run
----------------------------------------  -----  ---------  --------  ----------  --------------  -------------------
/opt/airflow/dags/stroke_pipeline_dag.py                           1           0  0.13s           2026-06-01T01:09:18
================================================================================
[2026-06-01T01:10:18.022+0000] {manager.py:878} INFO - 
================================================================================
DAG File Processing Stats

File Path                                 PID    Runtime      # DAGs    # Errors  Last Runtime    Last Run
----------------------------------------  -----  ---------  --------  ----------  --------------  -------------------
/opt/airflow/dags/stroke_pipeline_dag.py                           1           0  0.14s           2026-06-01T01:09:48
================================================================================
[2026-06-01T01:10:30.237+0000] {manager.py:452} INFO - Exiting gracefully upon receiving signal 15
[2026-06-01T01:15:12.922+0000] {manager.py:470} INFO - Processing files using up to 2 processes at a time 
[2026-06-01T01:15:12.923+0000] {manager.py:471} INFO - Process each file at most once every 30 seconds
[2026-06-01T01:15:12.925+0000] {manager.py:472} INFO - Checking for new files in /opt/airflow/dags every 300 seconds
[2026-06-01T01:15:12.927+0000] {manager.py:737} INFO - Searching for files in /opt/airflow/dags
[2026-06-01T01:15:12.974+0000] {manager.py:740} INFO - There are 1 files in /opt/airflow/dags
[2026-06-01T01:15:13.095+0000] {manager.py:878} INFO - 
================================================================================
DAG File Processing Stats

File Path                                   PID  Runtime      # DAGs    # Errors  Last Runtime    Last Run
----------------------------------------  -----  ---------  --------  ----------  --------------  ----------
/opt/airflow/dags/stroke_pipeline_dag.py    201  0.04s             0           0
================================================================================
[2026-06-01T01:15:43.262+0000] {manager.py:878} INFO - 
================================================================================
DAG File Processing Stats

File Path                                 PID    Runtime      # DAGs    # Errors  Last Runtime    Last Run
----------------------------------------  -----  ---------  --------  ----------  --------------  -------------------
/opt/airflow/dags/stroke_pipeline_dag.py                           1           0  0.52s           2026-06-01T01:15:13
================================================================================
[2026-06-01T01:16:13.366+0000] {manager.py:878} INFO - 
================================================================================
DAG File Processing Stats

File Path                                 PID    Runtime      # DAGs    # Errors  Last Runtime    Last Run
----------------------------------------  -----  ---------  --------  ----------  --------------  -------------------
/opt/airflow/dags/stroke_pipeline_dag.py                           1           0  0.42s           2026-06-01T01:15:44
================================================================================
[2026-06-01T01:16:43.709+0000] {manager.py:878} INFO - 
================================================================================
DAG File Processing Stats

File Path                                 PID    Runtime      # DAGs    # Errors  Last Runtime    Last Run
----------------------------------------  -----  ---------  --------  ----------  --------------  -------------------
/opt/airflow/dags/stroke_pipeline_dag.py                           1           0  0.15s           2026-06-01T01:16:14
================================================================================
[2026-06-01T01:17:13.934+0000] {manager.py:878} INFO - 
================================================================================
DAG File Processing Stats

File Path                                 PID    Runtime      # DAGs    # Errors  Last Runtime    Last Run
----------------------------------------  -----  ---------  --------  ----------  --------------  -------------------
/opt/airflow/dags/stroke_pipeline_dag.py                           1           0  0.13s           2026-06-01T01:16:44
================================================================================
[2026-06-01T01:17:44.240+0000] {manager.py:878} INFO - 
================================================================================
DAG File Processing Stats

File Path                                 PID    Runtime      # DAGs    # Errors  Last Runtime    Last Run
----------------------------------------  -----  ---------  --------  ----------  --------------  -------------------
/opt/airflow/dags/stroke_pipeline_dag.py                           1           0  0.13s           2026-06-01T01:17:15
================================================================================
[2026-06-01T01:18:14.459+0000] {manager.py:878} INFO - 
================================================================================
DAG File Processing Stats

File Path                                 PID    Runtime      # DAGs    # Errors  Last Runtime    Last Run
----------------------------------------  -----  ---------  --------  ----------  --------------  -------------------
/opt/airflow/dags/stroke_pipeline_dag.py                           1           0  0.23s           2026-06-01T01:17:45
================================================================================
[2026-06-01T01:18:44.854+0000] {manager.py:878} INFO - 
================================================================================
DAG File Processing Stats

File Path                                 PID    Runtime      # DAGs    # Errors  Last Runtime    Last Run
----------------------------------------  -----  ---------  --------  ----------  --------------  -------------------
/opt/airflow/dags/stroke_pipeline_dag.py                           1           0  0.13s           2026-06-01T01:18:15
================================================================================
[2026-06-01T01:19:15.262+0000] {manager.py:878} INFO - 
================================================================================
DAG File Processing Stats

File Path                                 PID    Runtime      # DAGs    # Errors  Last Runtime    Last Run
----------------------------------------  -----  ---------  --------  ----------  --------------  -------------------
/opt/airflow/dags/stroke_pipeline_dag.py                           1           0  0.13s           2026-06-01T01:18:46
================================================================================
[2026-06-01T01:19:45.515+0000] {manager.py:878} INFO - 
================================================================================
DAG File Processing Stats

File Path                                 PID    Runtime      # DAGs    # Errors  Last Runtime    Last Run
----------------------------------------  -----  ---------  --------  ----------  --------------  -------------------
/opt/airflow/dags/stroke_pipeline_dag.py                           1           0  0.17s           2026-06-01T01:19:16
================================================================================
[2026-06-01T01:20:13.816+0000] {manager.py:737} INFO - Searching for files in /opt/airflow/dags
[2026-06-01T01:20:13.856+0000] {manager.py:740} INFO - There are 1 files in /opt/airflow/dags
[2026-06-01T01:20:15.882+0000] {manager.py:878} INFO - 
================================================================================
DAG File Processing Stats

File Path                                 PID    Runtime      # DAGs    # Errors  Last Runtime    Last Run
----------------------------------------  -----  ---------  --------  ----------  --------------  -------------------
/opt/airflow/dags/stroke_pipeline_dag.py                           1           0  0.15s           2026-06-01T01:19:46
================================================================================
[2026-06-01T01:20:46.156+0000] {manager.py:878} INFO - 
================================================================================
DAG File Processing Stats

File Path                                 PID    Runtime      # DAGs    # Errors  Last Runtime    Last Run
----------------------------------------  -----  ---------  --------  ----------  --------------  -------------------
/opt/airflow/dags/stroke_pipeline_dag.py                           1           0  0.13s           2026-06-01T01:20:17
================================================================================
[2026-06-01T01:21:16.412+0000] {manager.py:878} INFO - 
================================================================================
DAG File Processing Stats

File Path                                 PID    Runtime      # DAGs    # Errors  Last Runtime    Last Run
----------------------------------------  -----  ---------  --------  ----------  --------------  -------------------
/opt/airflow/dags/stroke_pipeline_dag.py                           1           0  0.13s           2026-06-01T01:20:47
================================================================================
[2026-06-01T01:21:46.664+0000] {manager.py:878} INFO - 
================================================================================
DAG File Processing Stats

File Path                                 PID    Runtime      # DAGs    # Errors  Last Runtime    Last Run
----------------------------------------  -----  ---------  --------  ----------  --------------  -------------------
/opt/airflow/dags/stroke_pipeline_dag.py                           1           0  0.13s           2026-06-01T01:21:17
================================================================================
[2026-06-01T01:22:16.933+0000] {manager.py:878} INFO - 
================================================================================
DAG File Processing Stats

File Path                                 PID    Runtime      # DAGs    # Errors  Last Runtime    Last Run
----------------------------------------  -----  ---------  --------  ----------  --------------  -------------------
/opt/airflow/dags/stroke_pipeline_dag.py                           1           0  0.13s           2026-06-01T01:21:47
================================================================================
[2026-06-01T01:22:47.214+0000] {manager.py:878} INFO - 
================================================================================
DAG File Processing Stats

File Path                                 PID    Runtime      # DAGs    # Errors  Last Runtime    Last Run
----------------------------------------  -----  ---------  --------  ----------  --------------  -------------------
/opt/airflow/dags/stroke_pipeline_dag.py                           1           0  0.12s           2026-06-01T01:22:18
================================================================================
[2026-06-01T01:23:17.469+0000] {manager.py:878} INFO - 
================================================================================
DAG File Processing Stats

File Path                                 PID    Runtime      # DAGs    # Errors  Last Runtime    Last Run
----------------------------------------  -----  ---------  --------  ----------  --------------  -------------------
/opt/airflow/dags/stroke_pipeline_dag.py                           1           0  0.13s           2026-06-01T01:22:48
================================================================================
[2026-06-01T01:23:47.730+0000] {manager.py:878} INFO - 
================================================================================
DAG File Processing Stats

File Path                                 PID    Runtime      # DAGs    # Errors  Last Runtime    Last Run
----------------------------------------  -----  ---------  --------  ----------  --------------  -------------------
/opt/airflow/dags/stroke_pipeline_dag.py                           1           0  0.14s           2026-06-01T01:23:18
================================================================================
[2026-06-01T01:24:18.074+0000] {manager.py:878} INFO - 
================================================================================
DAG File Processing Stats

File Path                                 PID    Runtime      # DAGs    # Errors  Last Runtime    Last Run
----------------------------------------  -----  ---------  --------  ----------  --------------  -------------------
/opt/airflow/dags/stroke_pipeline_dag.py                           1           0  0.14s           2026-06-01T01:23:48
================================================================================
[2026-06-01T01:24:48.299+0000] {manager.py:878} INFO - 
================================================================================
DAG File Processing Stats

File Path                                 PID    Runtime      # DAGs    # Errors  Last Runtime    Last Run
----------------------------------------  -----  ---------  --------  ----------  --------------  -------------------
/opt/airflow/dags/stroke_pipeline_dag.py                           1           0  0.13s           2026-06-01T01:24:19
================================================================================
[2026-06-01T01:25:14.550+0000] {manager.py:737} INFO - Searching for files in /opt/airflow/dags
[2026-06-01T01:25:14.592+0000] {manager.py:740} INFO - There are 1 files in /opt/airflow/dags
[2026-06-01T01:25:18.634+0000] {manager.py:878} INFO - 
================================================================================
DAG File Processing Stats

File Path                                 PID    Runtime      # DAGs    # Errors  Last Runtime    Last Run
----------------------------------------  -----  ---------  --------  ----------  --------------  -------------------
/opt/airflow/dags/stroke_pipeline_dag.py                           1           0  0.14s           2026-06-01T01:24:49
================================================================================
[2026-06-01T01:25:48.838+0000] {manager.py:878} INFO - 
================================================================================
DAG File Processing Stats

File Path                                 PID    Runtime      # DAGs    # Errors  Last Runtime    Last Run
----------------------------------------  -----  ---------  --------  ----------  --------------  -------------------
/opt/airflow/dags/stroke_pipeline_dag.py                           1           0  0.13s           2026-06-01T01:25:19
================================================================================
[2026-06-01T01:26:19.141+0000] {manager.py:878} INFO - 
================================================================================
DAG File Processing Stats

File Path                                 PID    Runtime      # DAGs    # Errors  Last Runtime    Last Run
----------------------------------------  -----  ---------  --------  ----------  --------------  -------------------
/opt/airflow/dags/stroke_pipeline_dag.py                           1           0  0.13s           2026-06-01T01:25:49
================================================================================
[2026-06-01T01:26:49.365+0000] {manager.py:878} INFO - 
================================================================================
DAG File Processing Stats

File Path                                 PID    Runtime      # DAGs    # Errors  Last Runtime    Last Run
----------------------------------------  -----  ---------  --------  ----------  --------------  -------------------
/opt/airflow/dags/stroke_pipeline_dag.py                           1           0  0.15s           2026-06-01T01:26:20
================================================================================
[2026-06-01T01:27:19.682+0000] {manager.py:878} INFO - 
================================================================================
DAG File Processing Stats

File Path                                 PID    Runtime      # DAGs    # Errors  Last Runtime    Last Run
----------------------------------------  -----  ---------  --------  ----------  --------------  -------------------
/opt/airflow/dags/stroke_pipeline_dag.py                           1           0  0.14s           2026-06-01T01:26:50
================================================================================
[2026-06-01T01:27:49.892+0000] {manager.py:878} INFO - 
================================================================================
DAG File Processing Stats

File Path                                 PID    Runtime      # DAGs    # Errors  Last Runtime    Last Run
----------------------------------------  -----  ---------  --------  ----------  --------------  -------------------
/opt/airflow/dags/stroke_pipeline_dag.py                           1           0  0.13s           2026-06-01T01:27:20
================================================================================
[2026-06-01T01:28:20.279+0000] {manager.py:878} INFO - 
================================================================================
DAG File Processing Stats

File Path                                 PID    Runtime      # DAGs    # Errors  Last Runtime    Last Run
----------------------------------------  -----  ---------  --------  ----------  --------------  -------------------
/opt/airflow/dags/stroke_pipeline_dag.py                           1           0  0.27s           2026-06-01T01:27:51
================================================================================
[2026-06-01T01:28:50.580+0000] {manager.py:878} INFO - 
================================================================================
DAG File Processing Stats

File Path                                 PID    Runtime      # DAGs    # Errors  Last Runtime    Last Run
----------------------------------------  -----  ---------  --------  ----------  --------------  -------------------
/opt/airflow/dags/stroke_pipeline_dag.py                           1           0  0.14s           2026-06-01T01:28:21
================================================================================
[2026-06-01T01:29:20.787+0000] {manager.py:878} INFO - 
================================================================================
DAG File Processing Stats

File Path                                 PID    Runtime      # DAGs    # Errors  Last Runtime    Last Run
----------------------------------------  -----  ---------  --------  ----------  --------------  -------------------
/opt/airflow/dags/stroke_pipeline_dag.py                           1           0  0.16s           2026-06-01T01:28:51
================================================================================
[2026-06-01T01:29:51.154+0000] {manager.py:878} INFO - 
================================================================================
DAG File Processing Stats

File Path                                 PID    Runtime      # DAGs    # Errors  Last Runtime    Last Run
----------------------------------------  -----  ---------  --------  ----------  --------------  -------------------
/opt/airflow/dags/stroke_pipeline_dag.py                           1           0  0.17s           2026-06-01T01:29:21
================================================================================
[2026-06-01T01:30:15.344+0000] {manager.py:737} INFO - Searching for files in /opt/airflow/dags
[2026-06-01T01:30:15.385+0000] {manager.py:740} INFO - There are 1 files in /opt/airflow/dags
[2026-06-01T01:30:21.454+0000] {manager.py:878} INFO - 
================================================================================
DAG File Processing Stats

File Path                                 PID    Runtime      # DAGs    # Errors  Last Runtime    Last Run
----------------------------------------  -----  ---------  --------  ----------  --------------  -------------------
/opt/airflow/dags/stroke_pipeline_dag.py                           1           0  0.13s           2026-06-01T01:29:52
================================================================================
[2026-06-01T01:30:51.706+0000] {manager.py:878} INFO - 
================================================================================
DAG File Processing Stats

File Path                                 PID    Runtime      # DAGs    # Errors  Last Runtime    Last Run
----------------------------------------  -----  ---------  --------  ----------  --------------  -------------------
/opt/airflow/dags/stroke_pipeline_dag.py                           1           0  0.13s           2026-06-01T01:30:22
================================================================================
[2026-06-01T01:31:21.966+0000] {manager.py:878} INFO - 
================================================================================
DAG File Processing Stats

File Path                                 PID    Runtime      # DAGs    # Errors  Last Runtime    Last Run
----------------------------------------  -----  ---------  --------  ----------  --------------  -------------------
/opt/airflow/dags/stroke_pipeline_dag.py                           1           0  0.13s           2026-06-01T01:30:52
================================================================================
[2026-06-01T01:31:52.221+0000] {manager.py:878} INFO - 
================================================================================
DAG File Processing Stats

File Path                                 PID    Runtime      # DAGs    # Errors  Last Runtime    Last Run
----------------------------------------  -----  ---------  --------  ----------  --------------  -------------------
/opt/airflow/dags/stroke_pipeline_dag.py                           1           0  0.16s           2026-06-01T01:31:23
================================================================================
[2026-06-01T01:32:22.524+0000] {manager.py:878} INFO - 
================================================================================
DAG File Processing Stats

File Path                                 PID    Runtime      # DAGs    # Errors  Last Runtime    Last Run
----------------------------------------  -----  ---------  --------  ----------  --------------  -------------------
/opt/airflow/dags/stroke_pipeline_dag.py                           1           0  0.13s           2026-06-01T01:31:53
================================================================================
[2026-06-01T01:32:52.743+0000] {manager.py:878} INFO - 
================================================================================
DAG File Processing Stats

File Path                                 PID    Runtime      # DAGs    # Errors  Last Runtime    Last Run
----------------------------------------  -----  ---------  --------  ----------  --------------  -------------------
/opt/airflow/dags/stroke_pipeline_dag.py                           1           0  0.13s           2026-06-01T01:32:23
================================================================================
[2026-06-01T01:33:23.075+0000] {manager.py:878} INFO - 
================================================================================
DAG File Processing Stats

File Path                                 PID    Runtime      # DAGs    # Errors  Last Runtime    Last Run
----------------------------------------  -----  ---------  --------  ----------  --------------  -------------------
/opt/airflow/dags/stroke_pipeline_dag.py                           1           0  0.15s           2026-06-01T01:32:53
================================================================================
[2026-06-01T01:33:53.288+0000] {manager.py:878} INFO - 
================================================================================
DAG File Processing Stats

File Path                                 PID    Runtime      # DAGs    # Errors  Last Runtime    Last Run
----------------------------------------  -----  ---------  --------  ----------  --------------  -------------------
/opt/airflow/dags/stroke_pipeline_dag.py                           1           0  0.13s           2026-06-01T01:33:24
================================================================================
[2026-06-01T01:34:23.613+0000] {manager.py:878} INFO - 
================================================================================
DAG File Processing Stats

File Path                                 PID    Runtime      # DAGs    # Errors  Last Runtime    Last Run
----------------------------------------  -----  ---------  --------  ----------  --------------  -------------------
/opt/airflow/dags/stroke_pipeline_dag.py                           1           0  0.14s           2026-06-01T01:33:54
================================================================================
[2026-06-01T01:34:53.872+0000] {manager.py:878} INFO - 
================================================================================
DAG File Processing Stats

File Path                                 PID    Runtime      # DAGs    # Errors  Last Runtime    Last Run
----------------------------------------  -----  ---------  --------  ----------  --------------  -------------------
/opt/airflow/dags/stroke_pipeline_dag.py                           1           0  0.16s           2026-06-01T01:34:24
================================================================================
[2026-06-01T01:35:16.120+0000] {manager.py:737} INFO - Searching for files in /opt/airflow/dags
[2026-06-01T01:35:16.158+0000] {manager.py:740} INFO - There are 1 files in /opt/airflow/dags
[2026-06-01T01:35:24.220+0000] {manager.py:878} INFO - 
================================================================================
DAG File Processing Stats

File Path                                 PID    Runtime      # DAGs    # Errors  Last Runtime    Last Run
----------------------------------------  -----  ---------  --------  ----------  --------------  -------------------
/opt/airflow/dags/stroke_pipeline_dag.py                           1           0  0.15s           2026-06-01T01:34:55
================================================================================
[2026-06-01T01:35:54.476+0000] {manager.py:878} INFO - 
================================================================================
DAG File Processing Stats

File Path                                 PID    Runtime      # DAGs    # Errors  Last Runtime    Last Run
----------------------------------------  -----  ---------  --------  ----------  --------------  -------------------
/opt/airflow/dags/stroke_pipeline_dag.py                           1           0  0.15s           2026-06-01T01:35:25
================================================================================
[2026-06-01T01:36:24.681+0000] {manager.py:878} INFO - 
================================================================================
DAG File Processing Stats

File Path                                 PID    Runtime      # DAGs    # Errors  Last Runtime    Last Run
----------------------------------------  -----  ---------  --------  ----------  --------------  -------------------
/opt/airflow/dags/stroke_pipeline_dag.py                           1           0  0.13s           2026-06-01T01:35:55
================================================================================
[2026-06-01T01:36:54.971+0000] {manager.py:878} INFO - 
================================================================================
DAG File Processing Stats

File Path                                 PID    Runtime      # DAGs    # Errors  Last Runtime    Last Run
----------------------------------------  -----  ---------  --------  ----------  --------------  -------------------
/opt/airflow/dags/stroke_pipeline_dag.py                           1           0  0.15s           2026-06-01T01:36:25
================================================================================
[2026-06-01T01:37:25.197+0000] {manager.py:878} INFO - 
================================================================================
DAG File Processing Stats

File Path                                 PID    Runtime      # DAGs    # Errors  Last Runtime    Last Run
----------------------------------------  -----  ---------  --------  ----------  --------------  -------------------
/opt/airflow/dags/stroke_pipeline_dag.py                           1           0  0.14s           2026-06-01T01:36:56
================================================================================
[2026-06-01T01:37:55.500+0000] {manager.py:878} INFO - 
================================================================================
DAG File Processing Stats

File Path                                 PID    Runtime      # DAGs    # Errors  Last Runtime    Last Run
----------------------------------------  -----  ---------  --------  ----------  --------------  -------------------
/opt/airflow/dags/stroke_pipeline_dag.py                           1           0  0.14s           2026-06-01T01:37:26
================================================================================
[2026-06-01T01:38:25.738+0000] {manager.py:878} INFO - 
================================================================================
DAG File Processing Stats

File Path                                 PID    Runtime      # DAGs    # Errors  Last Runtime    Last Run
----------------------------------------  -----  ---------  --------  ----------  --------------  -------------------
/opt/airflow/dags/stroke_pipeline_dag.py                           1           0  0.33s           2026-06-01T01:37:56
================================================================================
[2026-06-01T01:38:56.276+0000] {manager.py:878} INFO - 
================================================================================
DAG File Processing Stats

File Path                                 PID    Runtime      # DAGs    # Errors  Last Runtime    Last Run
----------------------------------------  -----  ---------  --------  ----------  --------------  -------------------
/opt/airflow/dags/stroke_pipeline_dag.py                           1           0  0.25s           2026-06-01T01:38:27
================================================================================
[2026-06-01T01:39:26.812+0000] {manager.py:878} INFO - 
================================================================================
DAG File Processing Stats

File Path                                 PID    Runtime      # DAGs    # Errors  Last Runtime    Last Run
----------------------------------------  -----  ---------  --------  ----------  --------------  -------------------
/opt/airflow/dags/stroke_pipeline_dag.py                           1           0  0.14s           2026-06-01T01:38:57
================================================================================
[2026-06-01T01:39:57.138+0000] {manager.py:878} INFO - 
================================================================================
DAG File Processing Stats

File Path                                 PID    Runtime      # DAGs    # Errors  Last Runtime    Last Run
----------------------------------------  -----  ---------  --------  ----------  --------------  -------------------
/opt/airflow/dags/stroke_pipeline_dag.py                           1           0  0.20s           2026-06-01T01:39:28
================================================================================
[2026-06-01T01:40:16.314+0000] {manager.py:737} INFO - Searching for files in /opt/airflow/dags
[2026-06-01T01:40:16.352+0000] {manager.py:740} INFO - There are 1 files in /opt/airflow/dags
[2026-06-01T01:40:27.432+0000] {manager.py:878} INFO - 
================================================================================
DAG File Processing Stats

File Path                                 PID    Runtime      # DAGs    # Errors  Last Runtime    Last Run
----------------------------------------  -----  ---------  --------  ----------  --------------  -------------------
/opt/airflow/dags/stroke_pipeline_dag.py                           1           0  0.14s           2026-06-01T01:39:58
================================================================================
[2026-06-01T01:40:57.644+0000] {manager.py:878} INFO - 
================================================================================
DAG File Processing Stats

File Path                                 PID    Runtime      # DAGs    # Errors  Last Runtime    Last Run
----------------------------------------  -----  ---------  --------  ----------  --------------  -------------------
/opt/airflow/dags/stroke_pipeline_dag.py                           1           0  0.15s           2026-06-01T01:40:28
================================================================================
[2026-06-01T01:41:27.944+0000] {manager.py:878} INFO - 
================================================================================
DAG File Processing Stats

File Path                                 PID    Runtime      # DAGs    # Errors  Last Runtime    Last Run
----------------------------------------  -----  ---------  --------  ----------  --------------  -------------------
/opt/airflow/dags/stroke_pipeline_dag.py                           1           0  0.16s           2026-06-01T01:40:58
================================================================================
[2026-06-01T01:41:58.194+0000] {manager.py:878} INFO - 
================================================================================
DAG File Processing Stats

File Path                                 PID    Runtime      # DAGs    # Errors  Last Runtime    Last Run
----------------------------------------  -----  ---------  --------  ----------  --------------  -------------------
/opt/airflow/dags/stroke_pipeline_dag.py                           1           0  0.13s           2026-06-01T01:41:29
================================================================================
[2026-06-01T01:42:28.454+0000] {manager.py:878} INFO - 
================================================================================
DAG File Processing Stats

File Path                                 PID    Runtime      # DAGs    # Errors  Last Runtime    Last Run
----------------------------------------  -----  ---------  --------  ----------  --------------  -------------------
/opt/airflow/dags/stroke_pipeline_dag.py                           1           0  0.14s           2026-06-01T01:41:59
================================================================================
[2026-06-01T01:42:58.748+0000] {manager.py:878} INFO - 
================================================================================
DAG File Processing Stats

File Path                                 PID    Runtime      # DAGs    # Errors  Last Runtime    Last Run
----------------------------------------  -----  ---------  --------  ----------  --------------  -------------------
/opt/airflow/dags/stroke_pipeline_dag.py                           1           0  0.14s           2026-06-01T01:42:29
================================================================================
[2026-06-01T01:43:28.965+0000] {manager.py:878} INFO - 
================================================================================
DAG File Processing Stats

File Path                                 PID    Runtime      # DAGs    # Errors  Last Runtime    Last Run
----------------------------------------  -----  ---------  --------  ----------  --------------  -------------------
/opt/airflow/dags/stroke_pipeline_dag.py                           1           0  0.14s           2026-06-01T01:42:59
================================================================================
[2026-06-01T01:43:59.263+0000] {manager.py:878} INFO - 
================================================================================
DAG File Processing Stats

File Path                                 PID    Runtime      # DAGs    # Errors  Last Runtime    Last Run
----------------------------------------  -----  ---------  --------  ----------  --------------  -------------------
/opt/airflow/dags/stroke_pipeline_dag.py                           1           0  0.14s           2026-06-01T01:43:30
================================================================================
[2026-06-01T01:44:29.483+0000] {manager.py:878} INFO - 
================================================================================
DAG File Processing Stats

File Path                                 PID    Runtime      # DAGs    # Errors  Last Runtime    Last Run
----------------------------------------  -----  ---------  --------  ----------  --------------  -------------------
/opt/airflow/dags/stroke_pipeline_dag.py                           1           0  0.14s           2026-06-01T01:44:00
================================================================================
[2026-06-01T01:48:57.447+0000] {manager.py:470} INFO - Processing files using up to 2 processes at a time 
[2026-06-01T01:48:57.449+0000] {manager.py:471} INFO - Process each file at most once every 30 seconds
[2026-06-01T01:48:57.451+0000] {manager.py:472} INFO - Checking for new files in /opt/airflow/dags every 300 seconds
[2026-06-01T01:48:57.452+0000] {manager.py:737} INFO - Searching for files in /opt/airflow/dags
[2026-06-01T01:48:57.503+0000] {manager.py:740} INFO - There are 1 files in /opt/airflow/dags
[2026-06-01T01:48:57.672+0000] {manager.py:878} INFO - 
================================================================================
DAG File Processing Stats

File Path                                   PID  Runtime      # DAGs    # Errors  Last Runtime    Last Run
----------------------------------------  -----  ---------  --------  ----------  --------------  ----------
/opt/airflow/dags/stroke_pipeline_dag.py    201  0.09s             0           0
================================================================================
[2026-06-01T01:49:27.858+0000] {manager.py:878} INFO - 
================================================================================
DAG File Processing Stats

File Path                                 PID    Runtime      # DAGs    # Errors  Last Runtime    Last Run
----------------------------------------  -----  ---------  --------  ----------  --------------  -------------------
/opt/airflow/dags/stroke_pipeline_dag.py                           1           0  0.67s           2026-06-01T01:48:58
================================================================================
[2026-06-01T01:49:58.048+0000] {manager.py:878} INFO - 
================================================================================
DAG File Processing Stats

File Path                                 PID    Runtime      # DAGs    # Errors  Last Runtime    Last Run
----------------------------------------  -----  ---------  --------  ----------  --------------  -------------------
/opt/airflow/dags/stroke_pipeline_dag.py                           1           0  0.53s           2026-06-01T01:49:29
================================================================================
[2026-06-01T01:50:28.429+0000] {manager.py:878} INFO - 
================================================================================
DAG File Processing Stats

File Path                                 PID    Runtime      # DAGs    # Errors  Last Runtime    Last Run
----------------------------------------  -----  ---------  --------  ----------  --------------  -------------------
/opt/airflow/dags/stroke_pipeline_dag.py                           1           0  0.14s           2026-06-01T01:49:59
================================================================================
[2026-06-01T01:50:58.714+0000] {manager.py:878} INFO - 
================================================================================
DAG File Processing Stats

File Path                                 PID    Runtime      # DAGs    # Errors  Last Runtime    Last Run
----------------------------------------  -----  ---------  --------  ----------  --------------  -------------------
/opt/airflow/dags/stroke_pipeline_dag.py                           1           0  0.12s           2026-06-01T01:50:29
================================================================================
[2026-06-01T01:51:28.965+0000] {manager.py:878} INFO - 
================================================================================
DAG File Processing Stats

File Path                                 PID    Runtime      # DAGs    # Errors  Last Runtime    Last Run
----------------------------------------  -----  ---------  --------  ----------  --------------  -------------------
/opt/airflow/dags/stroke_pipeline_dag.py                           1           0  0.15s           2026-06-01T01:50:59
================================================================================
[2026-06-01T01:51:59.289+0000] {manager.py:878} INFO - 
================================================================================
DAG File Processing Stats

File Path                                 PID    Runtime      # DAGs    # Errors  Last Runtime    Last Run
----------------------------------------  -----  ---------  --------  ----------  --------------  -------------------
/opt/airflow/dags/stroke_pipeline_dag.py                           1           0  0.15s           2026-06-01T01:51:30
================================================================================
[2026-06-01T01:52:29.499+0000] {manager.py:878} INFO - 
================================================================================
DAG File Processing Stats

File Path                                 PID    Runtime      # DAGs    # Errors  Last Runtime    Last Run
----------------------------------------  -----  ---------  --------  ----------  --------------  -------------------
/opt/airflow/dags/stroke_pipeline_dag.py                           1           0  0.16s           2026-06-01T01:52:00
================================================================================
[2026-06-01T01:52:59.830+0000] {manager.py:878} INFO - 
================================================================================
DAG File Processing Stats

File Path                                 PID    Runtime      # DAGs    # Errors  Last Runtime    Last Run
----------------------------------------  -----  ---------  --------  ----------  --------------  -------------------
/opt/airflow/dags/stroke_pipeline_dag.py                           1           0  0.15s           2026-06-01T01:52:30
================================================================================
[2026-06-01T01:53:30.058+0000] {manager.py:878} INFO - 
================================================================================
DAG File Processing Stats

File Path                                 PID    Runtime      # DAGs    # Errors  Last Runtime    Last Run
----------------------------------------  -----  ---------  --------  ----------  --------------  -------------------
/opt/airflow/dags/stroke_pipeline_dag.py                           1           0  0.13s           2026-06-01T01:53:00
================================================================================
[2026-06-01T01:53:58.378+0000] {manager.py:737} INFO - Searching for files in /opt/airflow/dags
[2026-06-01T01:53:58.420+0000] {manager.py:740} INFO - There are 1 files in /opt/airflow/dags
